// Jest Snapshot v1, https://goo.gl/fbAQLP

exports[`Timer renders div with timer count 1`] = `
<div
  className="Timer"
>
  Timer: 
  00
  :
  00
</div>
`;
