// Jest Snapshot v1, https://goo.gl/fbAQLP

exports[`GridCell renders div and function passed using props.render 1`] = `
<div
  className="GridCell"
>
  <div
    className="Test"
    onCellClick={[Function]}
  >
    Test render component 
    1,1
  </div>
</div>
`;
