// Jest Snapshot v1, https://goo.gl/fbAQLP

exports[`Spinner renders logo with loading text 1`] = `
<div
  className="Spinner"
>
  <img
    alt="logo"
    className="Spinner-logo"
    src="logo.svg"
  />
  <h4>
    Loading Puzzle...
  </h4>
</div>
`;
