// Jest Snapshot v1, https://goo.gl/fbAQLP

exports[`GridRow renders CompleteGridCell or EmptyGridCell for each props.cells based on completed attribute 1`] = `
<div
  className="GridRow"
>
  <EmptyGridCell
    cell={
      Object {
        "id": "0,0",
        "value": 1,
      }
    }
    key="0,0"
  />
  <EmptyGridCell
    cell={
      Object {
        "id": "1,0",
        "value": 2,
      }
    }
    key="1,0"
  />
  <CompleteGridCell
    cell={
      Object {
        "completed": true,
        "id": "2,0",
        "value": 3,
      }
    }
    key="2,0"
  />
</div>
`;
