// Jest Snapshot v1, https://goo.gl/fbAQLP

exports[`PenMarker renders NumberSelect component passing onClickAction 1`] = `
<div
  className="PenMarker"
>
  <Connect(NumberSelect)
    onClickAction={[Function]}
  />
</div>
`;
